Information: Checking out the license 'DesignWare'. (SEC-104)
Information: Changed wire load model for 'subtrator' from '(none)' to 'ForQA'. (OPT-170)
Information: Changed wire load model for 'comparador' from '(none)' to 'ForQA'. (OPT-170)
Information: Changed wire load model for 'memoria' from '(none)' to 'ForQA'. (OPT-170)
Information: Changed wire load model for 'registrador_credito' from '(none)' to 'ForQA'. (OPT-170)
Information: Changed wire load model for 'unidade_controle' from '(none)' to 'ForQA'. (OPT-170)
Module: DW01_add_width8, Ports: 26, Input: 17, Output: 9, Inout: 0
Module: DW01_add_width8, Registers: 0, Async set/reset: 0, Sync set/reset: 0
Module: DW01_cmp2_width8, Ports: 20, Input: 18, Output: 2, Inout: 0
Module: DW01_cmp2_width8, Registers: 0, Async set/reset: 0, Sync set/reset: 0
Module: DW01_dec_width8, Ports: 16, Input: 8, Output: 8, Inout: 0
Module: DW01_dec_width8, Registers: 0, Async set/reset: 0, Sync set/reset: 0
Module: DW01_sub_width8, Ports: 26, Input: 17, Output: 9, Inout: 0
Module: DW01_sub_width8, Registers: 0, Async set/reset: 0, Sync set/reset: 0
 
****************************************
Report : area
Design : vending_top
Version: X-2025.06-SP2
Date   : Fri Jul 10 00:13:55 2026
****************************************

Information: Changed wire load model for 'DW01_sub_width8' from '(none)' to 'ForQA'. (OPT-170)
Information: Changed wire load model for '*SUB_UNS_OP_8_8_8' from '(none)' to 'ForQA'. (OPT-170)
Information: Changed wire load model for 'DW01_cmp2_width8' from '(none)' to 'ForQA'. (OPT-170)
Information: Changed wire load model for '*GT_UNS_OP_8_1_1' from '(none)' to 'ForQA'. (OPT-170)
Information: Changed wire load model for 'DW01_cmp2_width8' from '(none)' to 'ForQA'. (OPT-170)
Information: Changed wire load model for '*GEQ_UNS_OP_8_8_1' from '(none)' to 'ForQA'. (OPT-170)
Information: Changed wire load model for 'DW01_dec_width8' from '(none)' to 'ForQA'. (OPT-170)
Information: Changed wire load model for '*SUB_UNS_OP_8_1_8' from '(none)' to 'ForQA'. (OPT-170)
Information: Changed wire load model for 'DW01_cmp2_width8' from '(none)' to 'ForQA'. (OPT-170)
Information: Changed wire load model for '*GT_UNS_OP_8_1_1' from '(none)' to 'ForQA'. (OPT-170)
Information: Changed wire load model for 'DW01_add_width8' from '(none)' to 'ForQA'. (OPT-170)
Information: Changed wire load model for '*ADD_UNS_OP_8_7_8' from '(none)' to 'ForQA'. (OPT-170)
Information: Updating design information... (UID-85)
Library(s) Used:

    gtech (File: /Tools/synopsys/syn/X-2025.06-SP2/libraries/syn/gtech.db)

Number of ports:                          360
Number of nets:                           778
Number of cells:                          376
Number of combinational cells:            242
Number of sequential cells:               102
Number of macros/black boxes:               0
Number of buf/inv:                         66
Number of references:                      12

Combinational area:                  0.000000
Buf/Inv area:                        0.000000
Noncombinational area:               0.000000
Macro/Black Box area:                0.000000
Net Interconnect area:             315.783816

Total cell area:                     0.000000
Total area:                        315.783816

Information: This design contains unmapped logic. (RPT-7)

Hierarchical area distribution
------------------------------

                                  Global cell area          Local cell area
                                  ------------------  --------------------------- 
Hierarchical cell                 Absolute   Percent  Combi-    Noncombi-  Black-
                                  Total      Total    national  national   boxes   Design
--------------------------------  ---------  -------  --------  ---------  ------  -------------------
vending_top                          0.0000      0.0    0.0000     0.0000  0.0000  vending_top
comp_inst                            0.0000      0.0    0.0000     0.0000  0.0000  comparador
comp_inst/gt_10                      0.0000      0.0    0.0000     0.0000  0.0000  *GT_UNS_OP_8_1_1
comp_inst/gt_10/*cell*38             0.0000      0.0    0.0000     0.0000  0.0000  DW01_cmp2_width8
comp_inst/gte_10                     0.0000      0.0    0.0000     0.0000  0.0000  *GEQ_UNS_OP_8_8_1
comp_inst/gte_10/*cell*34            0.0000      0.0    0.0000     0.0000  0.0000  DW01_cmp2_width8
credit_inst                          0.0000      0.0    0.0000     0.0000  0.0000  registrador_credito
credit_inst/add_32                   0.0000      0.0    0.0000     0.0000  0.0000  *ADD_UNS_OP_8_7_8
credit_inst/add_32/*cell*24          0.0000      0.0    0.0000     0.0000  0.0000  DW01_add_width8
fsm_inst                             0.0000      0.0    0.0000     0.0000  0.0000  unidade_controle
mem_inst                             0.0000      0.0    0.0000     0.0000  0.0000  memoria
mem_inst/gt_42                       0.0000      0.0    0.0000     0.0000  0.0000  *GT_UNS_OP_8_1_1
mem_inst/gt_42/*cell*28              0.0000      0.0    0.0000     0.0000  0.0000  DW01_cmp2_width8
mem_inst/sub_44                      0.0000      0.0    0.0000     0.0000  0.0000  *SUB_UNS_OP_8_1_8
mem_inst/sub_44/*cell*31             0.0000      0.0    0.0000     0.0000  0.0000  DW01_dec_width8
sub_inst                             0.0000      0.0    0.0000     0.0000  0.0000  subtrator
sub_inst/sub_9                       0.0000      0.0    0.0000     0.0000  0.0000  *SUB_UNS_OP_8_8_8
sub_inst/sub_9/*cell*42              0.0000      0.0    0.0000     0.0000  0.0000  DW01_sub_width8
--------------------------------  ---------  -------  --------  ---------  ------  -------------------
Total                                                   0.0000     0.0000  0.0000

1
