 
****************************************
Report : timing
        -path full
        -delay max
        -max_paths 10
Design : vending_top
Version: X-2025.06-SP2
Date   : Fri Jul 10 00:14:00 2026
****************************************

Operating Conditions: tt1p05v25c   Library: saed32rvt_tt1p05v25c
Wire Load Model Mode: enclosed

  Startpoint: fsm_inst/estado_atual_reg[0]
              (rising edge-triggered flip-flop clocked by clk)
  Endpoint: error (output port clocked by clk)
  Path Group: clk
  Path Type: max

  Des/Clust/Port     Wire Load Model       Library
  ------------------------------------------------
  vending_top        8000                  saed32rvt_tt1p05v25c

  Point                                                   Incr       Path
  --------------------------------------------------------------------------
  clock clk (rise edge)                                   0.00       0.00
  clock network delay (ideal)                             0.00       0.00
  fsm_inst/estado_atual_reg[0]/CLK (DFFX1_RVT)            0.00       0.00 r
  fsm_inst/estado_atual_reg[0]/Q (DFFX1_RVT)              0.10       0.10 f
  fsm_inst/U9/Y (AND3X1_RVT)                              0.07       0.17 f
  fsm_inst/error (unidade_controle)                       0.00       0.17 f
  error (out)                                             0.00       0.17 f
  data arrival time                                                  0.17

  clock clk (rise edge)                                  20.00      20.00
  clock network delay (ideal)                             0.00      20.00
  clock uncertainty                                      -0.50      19.50
  output external delay                                  -3.00      16.50
  data required time                                                16.50
  --------------------------------------------------------------------------
  data required time                                                16.50
  data arrival time                                                 -0.17
  --------------------------------------------------------------------------
  slack (MET)                                                       16.33


  Startpoint: fsm_inst/estado_atual_reg[0]
              (rising edge-triggered flip-flop clocked by clk)
  Endpoint: dispense (output port clocked by clk)
  Path Group: clk
  Path Type: max

  Des/Clust/Port     Wire Load Model       Library
  ------------------------------------------------
  vending_top        8000                  saed32rvt_tt1p05v25c

  Point                                                   Incr       Path
  --------------------------------------------------------------------------
  clock clk (rise edge)                                   0.00       0.00
  clock network delay (ideal)                             0.00       0.00
  fsm_inst/estado_atual_reg[0]/CLK (DFFX1_RVT)            0.00       0.00 r
  fsm_inst/estado_atual_reg[0]/Q (DFFX1_RVT)              0.10       0.10 f
  fsm_inst/U17/Y (AND3X1_RVT)                             0.07       0.17 f
  fsm_inst/dispense (unidade_controle)                    0.00       0.17 f
  dispense (out)                                          0.00       0.17 f
  data arrival time                                                  0.17

  clock clk (rise edge)                                  20.00      20.00
  clock network delay (ideal)                             0.00      20.00
  clock uncertainty                                      -0.50      19.50
  output external delay                                  -3.00      16.50
  data required time                                                16.50
  --------------------------------------------------------------------------
  data required time                                                16.50
  data arrival time                                                 -0.17
  --------------------------------------------------------------------------
  slack (MET)                                                       16.33


  Startpoint: fsm_inst/estado_atual_reg[0]
              (rising edge-triggered flip-flop clocked by clk)
  Endpoint: state_out[0]
            (output port clocked by clk)
  Path Group: clk
  Path Type: max

  Des/Clust/Port     Wire Load Model       Library
  ------------------------------------------------
  vending_top        8000                  saed32rvt_tt1p05v25c

  Point                                                   Incr       Path
  --------------------------------------------------------------------------
  clock clk (rise edge)                                   0.00       0.00
  clock network delay (ideal)                             0.00       0.00
  fsm_inst/estado_atual_reg[0]/CLK (DFFX1_RVT)            0.00       0.00 r
  fsm_inst/estado_atual_reg[0]/Q (DFFX1_RVT)              0.10       0.10 f
  fsm_inst/estado[0] (unidade_controle)                   0.00       0.10 f
  state_out[0] (out)                                      0.00       0.10 f
  data arrival time                                                  0.10

  clock clk (rise edge)                                  20.00      20.00
  clock network delay (ideal)                             0.00      20.00
  clock uncertainty                                      -0.50      19.50
  output external delay                                  -3.00      16.50
  data required time                                                16.50
  --------------------------------------------------------------------------
  data required time                                                16.50
  data arrival time                                                 -0.10
  --------------------------------------------------------------------------
  slack (MET)                                                       16.40


  Startpoint: credit_inst/credit_reg[0]
              (rising edge-triggered flip-flop clocked by clk)
  Endpoint: display[0] (output port clocked by clk)
  Path Group: clk
  Path Type: max

  Des/Clust/Port     Wire Load Model       Library
  ------------------------------------------------
  vending_top        8000                  saed32rvt_tt1p05v25c

  Point                                                   Incr       Path
  --------------------------------------------------------------------------
  clock clk (rise edge)                                   0.00       0.00
  clock network delay (ideal)                             0.00       0.00
  credit_inst/credit_reg[0]/CLK (DFFX1_RVT)               0.00       0.00 r
  credit_inst/credit_reg[0]/Q (DFFX1_RVT)                 0.09       0.09 f
  credit_inst/credit[0] (registrador_credito)             0.00       0.09 f
  display[0] (out)                                        0.00       0.10 f
  data arrival time                                                  0.10

  clock clk (rise edge)                                  20.00      20.00
  clock network delay (ideal)                             0.00      20.00
  clock uncertainty                                      -0.50      19.50
  output external delay                                  -3.00      16.50
  data required time                                                16.50
  --------------------------------------------------------------------------
  data required time                                                16.50
  data arrival time                                                 -0.10
  --------------------------------------------------------------------------
  slack (MET)                                                       16.40


  Startpoint: credit_inst/credit_reg[3]
              (rising edge-triggered flip-flop clocked by clk)
  Endpoint: display[3] (output port clocked by clk)
  Path Group: clk
  Path Type: max

  Des/Clust/Port     Wire Load Model       Library
  ------------------------------------------------
  vending_top        8000                  saed32rvt_tt1p05v25c

  Point                                                   Incr       Path
  --------------------------------------------------------------------------
  clock clk (rise edge)                                   0.00       0.00
  clock network delay (ideal)                             0.00       0.00
  credit_inst/credit_reg[3]/CLK (DFFX1_RVT)               0.00       0.00 r
  credit_inst/credit_reg[3]/Q (DFFX1_RVT)                 0.09       0.09 f
  credit_inst/credit[3] (registrador_credito)             0.00       0.09 f
  display[3] (out)                                        0.00       0.09 f
  data arrival time                                                  0.09

  clock clk (rise edge)                                  20.00      20.00
  clock network delay (ideal)                             0.00      20.00
  clock uncertainty                                      -0.50      19.50
  output external delay                                  -3.00      16.50
  data required time                                                16.50
  --------------------------------------------------------------------------
  data required time                                                16.50
  data arrival time                                                 -0.09
  --------------------------------------------------------------------------
  slack (MET)                                                       16.41


  Startpoint: credit_inst/credit_reg[2]
              (rising edge-triggered flip-flop clocked by clk)
  Endpoint: display[2] (output port clocked by clk)
  Path Group: clk
  Path Type: max

  Des/Clust/Port     Wire Load Model       Library
  ------------------------------------------------
  vending_top        8000                  saed32rvt_tt1p05v25c

  Point                                                   Incr       Path
  --------------------------------------------------------------------------
  clock clk (rise edge)                                   0.00       0.00
  clock network delay (ideal)                             0.00       0.00
  credit_inst/credit_reg[2]/CLK (DFFX1_RVT)               0.00       0.00 r
  credit_inst/credit_reg[2]/Q (DFFX1_RVT)                 0.09       0.09 f
  credit_inst/credit[2] (registrador_credito)             0.00       0.09 f
  display[2] (out)                                        0.00       0.09 f
  data arrival time                                                  0.09

  clock clk (rise edge)                                  20.00      20.00
  clock network delay (ideal)                             0.00      20.00
  clock uncertainty                                      -0.50      19.50
  output external delay                                  -3.00      16.50
  data required time                                                16.50
  --------------------------------------------------------------------------
  data required time                                                16.50
  data arrival time                                                 -0.09
  --------------------------------------------------------------------------
  slack (MET)                                                       16.41


  Startpoint: credit_inst/credit_reg[1]
              (rising edge-triggered flip-flop clocked by clk)
  Endpoint: display[1] (output port clocked by clk)
  Path Group: clk
  Path Type: max

  Des/Clust/Port     Wire Load Model       Library
  ------------------------------------------------
  vending_top        8000                  saed32rvt_tt1p05v25c

  Point                                                   Incr       Path
  --------------------------------------------------------------------------
  clock clk (rise edge)                                   0.00       0.00
  clock network delay (ideal)                             0.00       0.00
  credit_inst/credit_reg[1]/CLK (DFFX1_RVT)               0.00       0.00 r
  credit_inst/credit_reg[1]/Q (DFFX1_RVT)                 0.09       0.09 f
  credit_inst/credit[1] (registrador_credito)             0.00       0.09 f
  display[1] (out)                                        0.00       0.09 f
  data arrival time                                                  0.09

  clock clk (rise edge)                                  20.00      20.00
  clock network delay (ideal)                             0.00      20.00
  clock uncertainty                                      -0.50      19.50
  output external delay                                  -3.00      16.50
  data required time                                                16.50
  --------------------------------------------------------------------------
  data required time                                                16.50
  data arrival time                                                 -0.09
  --------------------------------------------------------------------------
  slack (MET)                                                       16.41


  Startpoint: credit_inst/credit_reg[7]
              (rising edge-triggered flip-flop clocked by clk)
  Endpoint: display[7] (output port clocked by clk)
  Path Group: clk
  Path Type: max

  Des/Clust/Port     Wire Load Model       Library
  ------------------------------------------------
  vending_top        8000                  saed32rvt_tt1p05v25c

  Point                                                   Incr       Path
  --------------------------------------------------------------------------
  clock clk (rise edge)                                   0.00       0.00
  clock network delay (ideal)                             0.00       0.00
  credit_inst/credit_reg[7]/CLK (DFFX1_RVT)               0.00       0.00 r
  credit_inst/credit_reg[7]/Q (DFFX1_RVT)                 0.09       0.09 f
  credit_inst/credit[7] (registrador_credito)             0.00       0.09 f
  display[7] (out)                                        0.00       0.09 f
  data arrival time                                                  0.09

  clock clk (rise edge)                                  20.00      20.00
  clock network delay (ideal)                             0.00      20.00
  clock uncertainty                                      -0.50      19.50
  output external delay                                  -3.00      16.50
  data required time                                                16.50
  --------------------------------------------------------------------------
  data required time                                                16.50
  data arrival time                                                 -0.09
  --------------------------------------------------------------------------
  slack (MET)                                                       16.41


  Startpoint: credit_inst/credit_reg[5]
              (rising edge-triggered flip-flop clocked by clk)
  Endpoint: display[5] (output port clocked by clk)
  Path Group: clk
  Path Type: max

  Des/Clust/Port     Wire Load Model       Library
  ------------------------------------------------
  vending_top        8000                  saed32rvt_tt1p05v25c

  Point                                                   Incr       Path
  --------------------------------------------------------------------------
  clock clk (rise edge)                                   0.00       0.00
  clock network delay (ideal)                             0.00       0.00
  credit_inst/credit_reg[5]/CLK (DFFX1_RVT)               0.00       0.00 r
  credit_inst/credit_reg[5]/Q (DFFX1_RVT)                 0.09       0.09 f
  credit_inst/credit[5] (registrador_credito)             0.00       0.09 f
  display[5] (out)                                        0.00       0.09 f
  data arrival time                                                  0.09

  clock clk (rise edge)                                  20.00      20.00
  clock network delay (ideal)                             0.00      20.00
  clock uncertainty                                      -0.50      19.50
  output external delay                                  -3.00      16.50
  data required time                                                16.50
  --------------------------------------------------------------------------
  data required time                                                16.50
  data arrival time                                                 -0.09
  --------------------------------------------------------------------------
  slack (MET)                                                       16.41


  Startpoint: credit_inst/credit_reg[4]
              (rising edge-triggered flip-flop clocked by clk)
  Endpoint: display[4] (output port clocked by clk)
  Path Group: clk
  Path Type: max

  Des/Clust/Port     Wire Load Model       Library
  ------------------------------------------------
  vending_top        8000                  saed32rvt_tt1p05v25c

  Point                                                   Incr       Path
  --------------------------------------------------------------------------
  clock clk (rise edge)                                   0.00       0.00
  clock network delay (ideal)                             0.00       0.00
  credit_inst/credit_reg[4]/CLK (DFFX1_RVT)               0.00       0.00 r
  credit_inst/credit_reg[4]/Q (DFFX1_RVT)                 0.09       0.09 f
  credit_inst/credit[4] (registrador_credito)             0.00       0.09 f
  display[4] (out)                                        0.00       0.09 f
  data arrival time                                                  0.09

  clock clk (rise edge)                                  20.00      20.00
  clock network delay (ideal)                             0.00      20.00
  clock uncertainty                                      -0.50      19.50
  output external delay                                  -3.00      16.50
  data required time                                                16.50
  --------------------------------------------------------------------------
  data required time                                                16.50
  data arrival time                                                 -0.09
  --------------------------------------------------------------------------
  slack (MET)                                                       16.41


1
