 
****************************************
Report : timing
        -path full
        -delay max
        -max_paths 10
Design : vending_top
Version: X-2025.06-SP2
Date   : Fri Jul 10 00:13:55 2026
****************************************

Operating Conditions: tt1p05v25c   Library: saed32rvt_tt1p05v25c
Wire Load Model Mode: enclosed

  Startpoint: fsm_inst/estado_atual_reg[1]
              (rising edge-triggered flip-flop clocked by clk)
  Endpoint: dispense (output port clocked by clk)
  Path Group: clk
  Path Type: max

  Des/Clust/Port     Wire Load Model       Library
  ------------------------------------------------
  vending_top        ForQA                 saed32rvt_tt1p05v25c
  unidade_controle   ForQA                 saed32rvt_tt1p05v25c

  Point                                                   Incr       Path
  --------------------------------------------------------------------------
  clock clk (rise edge)                                   0.00       0.00
  clock network delay (ideal)                             0.00       0.00
  fsm_inst/estado_atual_reg[1]/clocked_on (**SEQGEN**)
                                                          0.00       0.00 r
  fsm_inst/estado_atual_reg[1]/Q (**SEQGEN**)             0.00       0.00 r
  fsm_inst/I_2/Z (GTECH_NOT)                              0.01       0.01 f
  fsm_inst/C23/Z (GTECH_OR2)                              0.01       0.01 f
  fsm_inst/C24/Z (GTECH_OR2)                              0.00       0.02 f
  fsm_inst/I_5/Z (GTECH_NOT)                              0.00       0.02 r
  fsm_inst/B_4/Z (GTECH_BUF)                              0.00       0.02 r
  fsm_inst/C135/Z_0 (*SELECT_OP_7.1_7.1_1)                0.01       0.03 r
  fsm_inst/dispense (unidade_controle)                    0.00       0.03 r
  dispense (out)                                          0.01       0.04 r
  data arrival time                                                  0.04

  clock clk (rise edge)                                  20.00      20.00
  clock network delay (ideal)                             0.00      20.00
  clock uncertainty                                      -0.50      19.50
  output external delay                                  -3.00      16.50
  data required time                                                16.50
  --------------------------------------------------------------------------
  data required time                                                16.50
  data arrival time                                                 -0.04
  --------------------------------------------------------------------------
  slack (MET)                                                       16.46


  Startpoint: fsm_inst/estado_atual_reg[1]
              (rising edge-triggered flip-flop clocked by clk)
  Endpoint: error (output port clocked by clk)
  Path Group: clk
  Path Type: max

  Des/Clust/Port     Wire Load Model       Library
  ------------------------------------------------
  vending_top        ForQA                 saed32rvt_tt1p05v25c
  unidade_controle   ForQA                 saed32rvt_tt1p05v25c

  Point                                                   Incr       Path
  --------------------------------------------------------------------------
  clock clk (rise edge)                                   0.00       0.00
  clock network delay (ideal)                             0.00       0.00
  fsm_inst/estado_atual_reg[1]/clocked_on (**SEQGEN**)
                                                          0.00       0.00 r
  fsm_inst/estado_atual_reg[1]/Q (**SEQGEN**)             0.00       0.00 r
  fsm_inst/I_2/Z (GTECH_NOT)                              0.01       0.01 f
  fsm_inst/C23/Z (GTECH_OR2)                              0.01       0.01 f
  fsm_inst/C24/Z (GTECH_OR2)                              0.00       0.02 f
  fsm_inst/I_5/Z (GTECH_NOT)                              0.00       0.02 r
  fsm_inst/B_4/Z (GTECH_BUF)                              0.00       0.02 r
  fsm_inst/C136/Z_0 (*SELECT_OP_7.1_7.1_1)                0.01       0.03 r
  fsm_inst/error (unidade_controle)                       0.00       0.03 r
  error (out)                                             0.00       0.04 r
  data arrival time                                                  0.04

  clock clk (rise edge)                                  20.00      20.00
  clock network delay (ideal)                             0.00      20.00
  clock uncertainty                                      -0.50      19.50
  output external delay                                  -3.00      16.50
  data required time                                                16.50
  --------------------------------------------------------------------------
  data required time                                                16.50
  data arrival time                                                 -0.04
  --------------------------------------------------------------------------
  slack (MET)                                                       16.46


  Startpoint: fsm_inst/estado_atual_reg[0]
              (rising edge-triggered flip-flop clocked by clk)
  Endpoint: state_out[0]
            (output port clocked by clk)
  Path Group: clk
  Path Type: max

  Des/Clust/Port     Wire Load Model       Library
  ------------------------------------------------
  vending_top        ForQA                 saed32rvt_tt1p05v25c

  Point                                                   Incr       Path
  --------------------------------------------------------------------------
  clock clk (rise edge)                                   0.00       0.00
  clock network delay (ideal)                             0.00       0.00
  fsm_inst/estado_atual_reg[0]/clocked_on (**SEQGEN**)
                                                          0.00       0.00 r
  fsm_inst/estado_atual_reg[0]/Q (**SEQGEN**)             0.00       0.00 r
  fsm_inst/estado[0] (unidade_controle)                   0.00       0.00 r
  state_out[0] (out)                                      0.01       0.01 r
  data arrival time                                                  0.01

  clock clk (rise edge)                                  20.00      20.00
  clock network delay (ideal)                             0.00      20.00
  clock uncertainty                                      -0.50      19.50
  output external delay                                  -3.00      16.50
  data required time                                                16.50
  --------------------------------------------------------------------------
  data required time                                                16.50
  data arrival time                                                 -0.01
  --------------------------------------------------------------------------
  slack (MET)                                                       16.49


  Startpoint: credit_inst/credit_reg[6]
              (rising edge-triggered flip-flop clocked by clk)
  Endpoint: display[6] (output port clocked by clk)
  Path Group: clk
  Path Type: max

  Des/Clust/Port     Wire Load Model       Library
  ------------------------------------------------
  vending_top        ForQA                 saed32rvt_tt1p05v25c

  Point                                                   Incr       Path
  --------------------------------------------------------------------------
  clock clk (rise edge)                                   0.00       0.00
  clock network delay (ideal)                             0.00       0.00
  credit_inst/credit_reg[6]/clocked_on (**SEQGEN**)       0.00       0.00 r
  credit_inst/credit_reg[6]/Q (**SEQGEN**)                0.00       0.00 r
  credit_inst/credit[6] (registrador_credito)             0.00       0.00 r
  display[6] (out)                                        0.01       0.01 r
  data arrival time                                                  0.01

  clock clk (rise edge)                                  20.00      20.00
  clock network delay (ideal)                             0.00      20.00
  clock uncertainty                                      -0.50      19.50
  output external delay                                  -3.00      16.50
  data required time                                                16.50
  --------------------------------------------------------------------------
  data required time                                                16.50
  data arrival time                                                 -0.01
  --------------------------------------------------------------------------
  slack (MET)                                                       16.49


  Startpoint: credit_inst/credit_reg[5]
              (rising edge-triggered flip-flop clocked by clk)
  Endpoint: display[5] (output port clocked by clk)
  Path Group: clk
  Path Type: max

  Des/Clust/Port     Wire Load Model       Library
  ------------------------------------------------
  vending_top        ForQA                 saed32rvt_tt1p05v25c

  Point                                                   Incr       Path
  --------------------------------------------------------------------------
  clock clk (rise edge)                                   0.00       0.00
  clock network delay (ideal)                             0.00       0.00
  credit_inst/credit_reg[5]/clocked_on (**SEQGEN**)       0.00       0.00 r
  credit_inst/credit_reg[5]/Q (**SEQGEN**)                0.00       0.00 r
  credit_inst/credit[5] (registrador_credito)             0.00       0.00 r
  display[5] (out)                                        0.01       0.01 r
  data arrival time                                                  0.01

  clock clk (rise edge)                                  20.00      20.00
  clock network delay (ideal)                             0.00      20.00
  clock uncertainty                                      -0.50      19.50
  output external delay                                  -3.00      16.50
  data required time                                                16.50
  --------------------------------------------------------------------------
  data required time                                                16.50
  data arrival time                                                 -0.01
  --------------------------------------------------------------------------
  slack (MET)                                                       16.49


  Startpoint: credit_inst/credit_reg[4]
              (rising edge-triggered flip-flop clocked by clk)
  Endpoint: display[4] (output port clocked by clk)
  Path Group: clk
  Path Type: max

  Des/Clust/Port     Wire Load Model       Library
  ------------------------------------------------
  vending_top        ForQA                 saed32rvt_tt1p05v25c

  Point                                                   Incr       Path
  --------------------------------------------------------------------------
  clock clk (rise edge)                                   0.00       0.00
  clock network delay (ideal)                             0.00       0.00
  credit_inst/credit_reg[4]/clocked_on (**SEQGEN**)       0.00       0.00 r
  credit_inst/credit_reg[4]/Q (**SEQGEN**)                0.00       0.00 r
  credit_inst/credit[4] (registrador_credito)             0.00       0.00 r
  display[4] (out)                                        0.01       0.01 r
  data arrival time                                                  0.01

  clock clk (rise edge)                                  20.00      20.00
  clock network delay (ideal)                             0.00      20.00
  clock uncertainty                                      -0.50      19.50
  output external delay                                  -3.00      16.50
  data required time                                                16.50
  --------------------------------------------------------------------------
  data required time                                                16.50
  data arrival time                                                 -0.01
  --------------------------------------------------------------------------
  slack (MET)                                                       16.49


  Startpoint: credit_inst/credit_reg[3]
              (rising edge-triggered flip-flop clocked by clk)
  Endpoint: display[3] (output port clocked by clk)
  Path Group: clk
  Path Type: max

  Des/Clust/Port     Wire Load Model       Library
  ------------------------------------------------
  vending_top        ForQA                 saed32rvt_tt1p05v25c

  Point                                                   Incr       Path
  --------------------------------------------------------------------------
  clock clk (rise edge)                                   0.00       0.00
  clock network delay (ideal)                             0.00       0.00
  credit_inst/credit_reg[3]/clocked_on (**SEQGEN**)       0.00       0.00 r
  credit_inst/credit_reg[3]/Q (**SEQGEN**)                0.00       0.00 r
  credit_inst/credit[3] (registrador_credito)             0.00       0.00 r
  display[3] (out)                                        0.01       0.01 r
  data arrival time                                                  0.01

  clock clk (rise edge)                                  20.00      20.00
  clock network delay (ideal)                             0.00      20.00
  clock uncertainty                                      -0.50      19.50
  output external delay                                  -3.00      16.50
  data required time                                                16.50
  --------------------------------------------------------------------------
  data required time                                                16.50
  data arrival time                                                 -0.01
  --------------------------------------------------------------------------
  slack (MET)                                                       16.49


  Startpoint: credit_inst/credit_reg[2]
              (rising edge-triggered flip-flop clocked by clk)
  Endpoint: display[2] (output port clocked by clk)
  Path Group: clk
  Path Type: max

  Des/Clust/Port     Wire Load Model       Library
  ------------------------------------------------
  vending_top        ForQA                 saed32rvt_tt1p05v25c

  Point                                                   Incr       Path
  --------------------------------------------------------------------------
  clock clk (rise edge)                                   0.00       0.00
  clock network delay (ideal)                             0.00       0.00
  credit_inst/credit_reg[2]/clocked_on (**SEQGEN**)       0.00       0.00 r
  credit_inst/credit_reg[2]/Q (**SEQGEN**)                0.00       0.00 r
  credit_inst/credit[2] (registrador_credito)             0.00       0.00 r
  display[2] (out)                                        0.01       0.01 r
  data arrival time                                                  0.01

  clock clk (rise edge)                                  20.00      20.00
  clock network delay (ideal)                             0.00      20.00
  clock uncertainty                                      -0.50      19.50
  output external delay                                  -3.00      16.50
  data required time                                                16.50
  --------------------------------------------------------------------------
  data required time                                                16.50
  data arrival time                                                 -0.01
  --------------------------------------------------------------------------
  slack (MET)                                                       16.49


  Startpoint: credit_inst/credit_reg[1]
              (rising edge-triggered flip-flop clocked by clk)
  Endpoint: display[1] (output port clocked by clk)
  Path Group: clk
  Path Type: max

  Des/Clust/Port     Wire Load Model       Library
  ------------------------------------------------
  vending_top        ForQA                 saed32rvt_tt1p05v25c

  Point                                                   Incr       Path
  --------------------------------------------------------------------------
  clock clk (rise edge)                                   0.00       0.00
  clock network delay (ideal)                             0.00       0.00
  credit_inst/credit_reg[1]/clocked_on (**SEQGEN**)       0.00       0.00 r
  credit_inst/credit_reg[1]/Q (**SEQGEN**)                0.00       0.00 r
  credit_inst/credit[1] (registrador_credito)             0.00       0.00 r
  display[1] (out)                                        0.01       0.01 r
  data arrival time                                                  0.01

  clock clk (rise edge)                                  20.00      20.00
  clock network delay (ideal)                             0.00      20.00
  clock uncertainty                                      -0.50      19.50
  output external delay                                  -3.00      16.50
  data required time                                                16.50
  --------------------------------------------------------------------------
  data required time                                                16.50
  data arrival time                                                 -0.01
  --------------------------------------------------------------------------
  slack (MET)                                                       16.49


  Startpoint: credit_inst/credit_reg[0]
              (rising edge-triggered flip-flop clocked by clk)
  Endpoint: display[0] (output port clocked by clk)
  Path Group: clk
  Path Type: max

  Des/Clust/Port     Wire Load Model       Library
  ------------------------------------------------
  vending_top        ForQA                 saed32rvt_tt1p05v25c

  Point                                                   Incr       Path
  --------------------------------------------------------------------------
  clock clk (rise edge)                                   0.00       0.00
  clock network delay (ideal)                             0.00       0.00
  credit_inst/credit_reg[0]/clocked_on (**SEQGEN**)       0.00       0.00 r
  credit_inst/credit_reg[0]/Q (**SEQGEN**)                0.00       0.00 r
  credit_inst/credit[0] (registrador_credito)             0.00       0.00 r
  display[0] (out)                                        0.01       0.01 r
  data arrival time                                                  0.01

  clock clk (rise edge)                                  20.00      20.00
  clock network delay (ideal)                             0.00      20.00
  clock uncertainty                                      -0.50      19.50
  output external delay                                  -3.00      16.50
  data required time                                                16.50
  --------------------------------------------------------------------------
  data required time                                                16.50
  data arrival time                                                 -0.01
  --------------------------------------------------------------------------
  slack (MET)                                                       16.49


1
